// Jest Snapshot v1, https://goo.gl/fbAQLP

exports[`Dog component Renders a dog 1`] = `
<dl>
  <dt>
    Name:
  </dt>
  <dd>
    Neil
  </dd>
  <dt>
    Age:
  </dt>
  <dd>
    5
  </dd>
  <dt>
    Weight:
  </dt>
  <dd>
    25lbs
  </dd>
</dl>
`;
